mode: set
kiosk-backend/externals/odoo/account_tax.go:30.136,31.19 1 1
kiosk-backend/externals/odoo/account_tax.go:31.19,33.3 1 1
kiosk-backend/externals/odoo/account_tax.go:34.2,34.22 1 1
kiosk-backend/externals/odoo/account_tax.go:34.22,36.3 1 1
kiosk-backend/externals/odoo/account_tax.go:37.2,44.16 3 1
kiosk-backend/externals/odoo/account_tax.go:44.16,46.3 1 1
kiosk-backend/externals/odoo/account_tax.go:47.2,47.21 1 1
kiosk-backend/externals/odoo/account_tax.go:73.128,74.19 1 1
kiosk-backend/externals/odoo/account_tax.go:74.19,76.3 1 1
kiosk-backend/externals/odoo/account_tax.go:77.2,78.16 2 1
kiosk-backend/externals/odoo/account_tax.go:78.16,80.3 1 1
kiosk-backend/externals/odoo/account_tax.go:81.2,81.21 1 1
kiosk-backend/externals/odoo/pos_config.go:18.74,20.16 2 1
kiosk-backend/externals/odoo/pos_config.go:20.16,22.3 1 0
kiosk-backend/externals/odoo/pos_config.go:23.2,23.23 1 1
kiosk-backend/externals/odoo/pos_config.go:23.23,25.3 1 1
kiosk-backend/externals/odoo/pos_config.go:26.2,26.25 1 1
kiosk-backend/externals/odoo/pos_order.go:58.51,60.2 1 1
kiosk-backend/externals/odoo/pos_order.go:63.57,65.2 1 1
kiosk-backend/externals/odoo/pos_order.go:69.31,71.2 1 1
kiosk-backend/externals/odoo/pos_order.go:88.102,90.31 2 1
kiosk-backend/externals/odoo/pos_order.go:90.31,92.3 1 1
kiosk-backend/externals/odoo/pos_order.go:93.2,93.118 1 1
kiosk-backend/externals/odoo/pos_order.go:99.80,102.2 2 1
kiosk-backend/externals/odoo/pos_order.go:107.67,111.16 2 1
kiosk-backend/externals/odoo/pos_order.go:111.16,113.3 1 1
kiosk-backend/externals/odoo/pos_order.go:114.2,114.26 1 1
kiosk-backend/externals/odoo/pos_session.go:49.81,51.16 2 1
kiosk-backend/externals/odoo/pos_session.go:51.16,53.3 1 0
kiosk-backend/externals/odoo/pos_session.go:54.2,54.23 1 1
kiosk-backend/externals/odoo/pos_session.go:54.23,56.3 1 1
kiosk-backend/externals/odoo/pos_session.go:57.2,57.25 1 1
kiosk-backend/externals/odoo/pos_session.go:63.70,65.2 1 1
kiosk-backend/externals/odoo/pos_session.go:71.111,73.43 2 1
kiosk-backend/externals/odoo/pos_session.go:73.43,75.3 1 1
kiosk-backend/externals/odoo/pos_session.go:76.2,77.16 2 1
kiosk-backend/externals/odoo/pos_session.go:77.16,79.3 1 0
kiosk-backend/externals/odoo/pos_session.go:80.2,80.24 1 1
kiosk-backend/externals/odoo/pos_session.go:80.24,82.3 1 1
kiosk-backend/externals/odoo/pos_session.go:83.2,83.12 1 1
kiosk-backend/externals/odoo/pos_session.go:90.91,94.16 2 1
kiosk-backend/externals/odoo/pos_session.go:94.16,96.3 1 0
kiosk-backend/externals/odoo/pos_session.go:97.2,97.24 1 1
kiosk-backend/externals/odoo/pos_session.go:97.24,99.3 1 1
kiosk-backend/externals/odoo/pos_session.go:100.2,100.12 1 1
kiosk-backend/externals/odoo/pos_session.go:108.94,111.2 2 1
kiosk-backend/externals/odoo/product.go:14.57,16.33 2 1
kiosk-backend/externals/odoo/product.go:16.33,18.3 1 0
kiosk-backend/externals/odoo/product.go:19.2,20.52 2 1
kiosk-backend/externals/odoo/product.go:20.52,22.3 1 0
kiosk-backend/externals/odoo/product.go:23.2,23.19 1 1
kiosk-backend/externals/odoo/product.go:23.19,25.3 1 0
kiosk-backend/externals/odoo/product.go:26.2,26.55 1 1
kiosk-backend/externals/odoo/product.go:26.55,28.3 1 0
kiosk-backend/externals/odoo/product.go:29.2,29.41 1 1
kiosk-backend/externals/odoo/product.go:72.25,74.2 1 1
kiosk-backend/externals/odoo/product.go:103.89,105.2 1 1
kiosk-backend/externals/odoo/product.go:109.80,111.2 1 1
kiosk-backend/externals/odoo/product.go:115.89,118.2 2 1
kiosk-backend/externals/odoo/product.go:122.81,125.2 2 1
kiosk-backend/externals/odoo/product.go:129.92,130.22 1 1
kiosk-backend/externals/odoo/product.go:130.22,132.3 1 1
kiosk-backend/externals/odoo/product.go:133.2,134.16 2 1
kiosk-backend/externals/odoo/product.go:134.16,136.3 1 0
kiosk-backend/externals/odoo/product.go:137.2,137.23 1 1
kiosk-backend/externals/odoo/product.go:137.23,139.3 1 1
kiosk-backend/externals/odoo/product.go:140.2,140.25 1 1
kiosk-backend/externals/odoo/request.go:55.35,55.55 1 1
kiosk-backend/externals/odoo/request.go:57.39,60.2 2 1
kiosk-backend/externals/odoo/request.go:102.91,105.35 2 1
kiosk-backend/externals/odoo/request.go:105.35,109.3 3 1
kiosk-backend/externals/odoo/request.go:119.92,125.19 2 1
kiosk-backend/externals/odoo/request.go:125.19,126.28 1 1
kiosk-backend/externals/odoo/request.go:126.28,128.4 1 1
kiosk-backend/externals/odoo/request.go:131.2,131.19 1 1
kiosk-backend/externals/odoo/request.go:136.52,138.2 1 1
kiosk-backend/externals/odoo/request.go:140.42,142.2 1 1
kiosk-backend/externals/odoo/request.go:144.78,161.16 5 1
kiosk-backend/externals/odoo/request.go:161.16,163.3 1 0
kiosk-backend/externals/odoo/request.go:164.2,165.16 2 1
kiosk-backend/externals/odoo/request.go:165.16,167.3 1 0
kiosk-backend/externals/odoo/request.go:168.2,170.16 3 1
kiosk-backend/externals/odoo/request.go:170.16,172.3 1 0
kiosk-backend/externals/odoo/request.go:173.2,174.54 2 1
kiosk-backend/externals/odoo/request.go:174.54,176.3 1 0
kiosk-backend/externals/odoo/request.go:177.2,177.26 1 1
kiosk-backend/externals/odoo/request.go:177.26,179.3 1 0
kiosk-backend/externals/odoo/request.go:181.2,181.43 1 1
kiosk-backend/externals/odoo/request.go:181.43,183.3 1 1
kiosk-backend/externals/odoo/request.go:184.2,185.65 2 1
kiosk-backend/externals/odoo/request.go:185.65,187.3 1 1
kiosk-backend/externals/odoo/request.go:188.2,188.12 1 1
kiosk-backend/externals/odoo/request.go:193.96,195.60 2 1
kiosk-backend/externals/odoo/request.go:195.60,197.3 1 1
kiosk-backend/externals/odoo/request.go:199.2,202.20 4 1
kiosk-backend/externals/odoo/request.go:202.20,204.3 1 1
kiosk-backend/externals/odoo/request.go:205.2,205.52 1 1
kiosk-backend/externals/odoo/request.go:208.98,222.16 4 1
kiosk-backend/externals/odoo/request.go:222.16,224.3 1 0
kiosk-backend/externals/odoo/request.go:225.2,230.16 2 1
kiosk-backend/externals/odoo/request.go:230.16,232.3 1 0
kiosk-backend/externals/odoo/request.go:233.2,235.16 3 1
kiosk-backend/externals/odoo/request.go:235.16,237.3 1 0
kiosk-backend/externals/odoo/request.go:238.2,239.54 2 1
kiosk-backend/externals/odoo/request.go:239.54,241.3 1 0
kiosk-backend/externals/odoo/request.go:242.2,242.26 1 1
kiosk-backend/externals/odoo/request.go:242.26,250.3 3 1
kiosk-backend/externals/odoo/request.go:251.2,251.28 1 1
